// Jest Snapshot v1, https://goo.gl/fbAQLP

exports[`<SearchSpeech /> data 1`] = `
<div
  style={
    Object {
      "position": "relative",
    }
  }
>
  <input
    className="input input--md input--search"
    onChange={[Function]}
    onFocus={[Function]}
    type="search"
  />
  <div
    className="options-list__container"
    style={
      Object {
        "position": "absolute",
        "zIndex": 1,
      }
    }
  >
    <div
      className="options-list"
    >
      <div
        className="options-list__item options-list__item--active"
        onClick={[Function]}
      >
        <div
          className="speech-card"
        >
          <article
            className="congressman"
          >
            <header
              className="congressman__avatar"
            >
              <div
                className="avatar"
                role="image"
                style={
                  Object {
                    "backgroundImage": "url(/path/to/image.jpg)",
                  }
                }
                title="LjÃ³smynd af name"
              />
            </header>
            <div
              className="congressman__party"
            >
              <div
                className="badge"
                style={
                  Object {
                    "backgroundColor": "#123123",
                  }
                }
                title="name"
              />
            </div>
            <div
              className="congressman__body"
            >
              <h4
                className="headline-3 headline-3--ellipsis"
              >
                name
              </h4>
              <h5
                className="headline-4"
              >
                congressman type
              </h5>
            </div>
          </article>
          <div
            className="speech-card__meta"
          >
            <span
              className="speech-card__type"
            >
              type
            </span>
            <span
              className="speech-card__iteration"
            >
              1
            </span>
            <time
              className="speech-card__date"
            >
              2001 M01 01 11:00:00
            </time>
            <time
              className="speech-card__date"
            >
              11:00:00
            </time>
          </div>
          <div
            className="speech-card__text"
          >
            <p>
              text
            </p>
          </div>
        </div>
      </div>
    </div>
  </div>
</div>
`;

exports[`<SearchSpeech /> default props 1`] = `
<div
  style={
    Object {
      "position": "relative",
    }
  }
>
  <input
    className="input input--md input--search"
    onChange={[Function]}
    onFocus={[Function]}
    type="search"
  />
</div>
`;
