// Jest Snapshot v1, https://goo.gl/fbAQLP

exports[`<Chrome /> default props 1`] = `
<div
  className="application"
>
  <div
    className="chrome"
  >
    <header
      className="chrome__header"
    >
      <div
        className="chrome__header-container"
      >
        <div
          className="container-fluid"
        >
          <div
            className="row"
          >
            <div
              className="col"
            >
              <nav>
                <input
                  type="search"
                />
              </nav>
            </div>
          </div>
        </div>
      </div>
    </header>
    <main
      className="chrome__main"
    />
    <footer
      className="chrome__footer"
    >
      @loggjafarthing
    </footer>
  </div>
</div>
`;
